// Jest Snapshot v1, https://goo.gl/fbAQLP

exports[`Button should match snapshot 1`] = `
<body>
  <div>
    <button
      class="osc-button svelte-15tn0jp"
      type="button"
    >
      Press Me
    </button>
  </div>
</body>
`;
